// Jest Snapshot v1, https://goo.gl/fbAQLP

exports[`Card.vue matches snapshot 1`] = `
<div data-test="card-Ac" class="card card--is-c">
  <!---->
</div>
`;
