// Jest Snapshot v1, https://goo.gl/fbAQLP

exports[`Column.vue matches snapshot 1`] = `<div data-test="column-0" class="column"></div>`;
