// Jest Snapshot v1, https://goo.gl/fbAQLP

exports[`Controls.vue matches snapshot 1`] = `
<div class="controls">
  <newgame-stub></newgame-stub>
  <rules-stub></rules-stub>
</div>
`;
