// Jest Snapshot v1, https://goo.gl/fbAQLP

exports[`DefaultCard.vue matches snapshot 1`] = `<svgicon-stub name="AC"></svgicon-stub>`;
