// Jest Snapshot v1, https://goo.gl/fbAQLP

exports[`NewGame.vue matches snapshot 1`] = `
<button data-test="new-game-btn" class="new-game__btn">
  New Game
</button>
`;
