// Jest Snapshot v1, https://goo.gl/fbAQLP

exports[`Solitaire.vue matches snapshot 1`] = `
<div class="home">
  <board-stub></board-stub>
</div>
`;
