// Jest Snapshot v1, https://goo.gl/fbAQLP

exports[`Pause.vue matches snapshot 1`] = `
<gameoverlay-stub centercontent="true" showlogo="true" data-test="pause"> Game Paused<gamesummary-stub></gamesummary-stub>
  <resumegamebutton-stub></resumegamebutton-stub>
</gameoverlay-stub>
`;
