// Jest Snapshot v1, https://goo.gl/fbAQLP

exports[`Rules.vue matches snapshot 1`] = `
<gameoverlay-stub showclose="true" data-test="rules"> How to play <rules-stub></rules-stub>
</gameoverlay-stub>
`;
