// Jest Snapshot v1, https://goo.gl/fbAQLP

exports[`Won.vue matches snapshot 1`] = `
<gameoverlay-stub centercontent="true" showlogo="true" data-test="won"> Congratulations, you win! <gamesummary-stub></gamesummary-stub>
  <startnewgamebutton-stub></startnewgamebutton-stub>
</gameoverlay-stub>
`;
