// Jest Snapshot v1, https://goo.gl/fbAQLP

exports[`App.vue matches snapshot 1`] = `
<div id="app">
  <routerview-stub name="main"></routerview-stub>
  <routerview-stub name="overlay"></routerview-stub>
</div>
`;
