// Jest Snapshot v1, https://goo.gl/fbAQLP

exports[`Board.vue matches snapshot 1`] = `
<div>
  <stats-stub></stats-stub>
  <div data-test="board" class="board">
    <foundation-stub></foundation-stub>
    <columns-stub></columns-stub>
  </div>
</div>
`;
