// Jest Snapshot v1, https://goo.gl/fbAQLP

exports[`HistoryButton.vue matches snapshot 1`] = `
<button-stub type="default" isstacked="true" checkdisabled="true" size="md" topage="history" data-test="history-btn">
  Games
</button-stub>
`;
