// Jest Snapshot v1, https://goo.gl/fbAQLP

exports[`Logo.vue matches snapshot 1`] = `<div class="logo"><img src="" class="logo__image"></div>`;
