// Jest Snapshot v1, https://goo.gl/fbAQLP

exports[`NewGameButton.vue matches snapshot 1`] = `
<button-stub type="default" isstacked="true" checkdisabled="true" size="md" topage="new" data-test="new-game-btn">
  New
</button-stub>
`;
