// Jest Snapshot v1, https://goo.gl/fbAQLP

exports[`ReconnectButton.vue matches snapshot 1`] = `<button-stub type="default" size="md" click="[Function]" route="" data-test="reconnect-btn"> Reconnect </button-stub>`;
