// Jest Snapshot v1, https://goo.gl/fbAQLP

exports[`ResumeGameButton.vue matches snapshot 1`] = `<button-stub type="default" size="md" click="[Function]" route="home" data-test="resume-game-btn"> Resume </button-stub>`;
