// Jest Snapshot v1, https://goo.gl/fbAQLP

exports[`ShowBoardButton.vue matches snapshot 1`] = `
<button-stub type="default" size="md" click="[Function]" route="" data-test="show-board-btn">
  Show Board
</button-stub>
`;
