// Jest Snapshot v1, https://goo.gl/fbAQLP

exports[`Solitaire.vue matches snapshot 1`] = `
<div class="solitaire">
  <board-stub></board-stub>
  <!---->
  <rules-stub></rules-stub>
</div>
`;
