// Jest Snapshot v1, https://goo.gl/fbAQLP

exports[`Table.vue matches snapshot - placeholder rows 1`] = `
<table class="table">
  <thead>
    <tr data-test="table-header-row">
      <th data-test="table-header-cell" class="table__cell">
        Heading 1
      </th>
      <th data-test="table-header-cell" class="table__cell">
        Heading 2
      </th>
      <th data-test="table-header-cell" class="table__cell">
        Heading 3
      </th>
    </tr>
  </thead>
  <tbody>
    <tr data-test="table-placeholder-row">
      <td class="table__cell">
        <skeletonloader-stub></skeletonloader-stub>
      </td>
      <td class="table__cell">
        <skeletonloader-stub></skeletonloader-stub>
      </td>
      <td class="table__cell">
        <skeletonloader-stub></skeletonloader-stub>
      </td>
    </tr>
  </tbody>
  <!---->
</table>
`;

exports[`Table.vue matches snapshot 1`] = `
<table class="table">
  <thead>
    <tr data-test="table-header-row">
      <th data-test="table-header-cell" class="table__cell">
        Heading 1
      </th>
      <th data-test="table-header-cell" class="table__cell">
        Heading 2
      </th>
      <th data-test="table-header-cell" class="table__cell">
        Heading 3
      </th>
    </tr>
  </thead>
  <!---->
  <tbody>
    <tr data-test="table-row" class="table__row">
      <td data-test="table-cell" class="table__cell">
        Cell 1
      </td>
      <td data-test="table-cell" class="table__cell">
        Cell 2
      </td>
      <td data-test="table-cell" class="table__cell">
        Cell 3
      </td>
    </tr>
    <tr data-test="table-row" class="table__row">
      <td data-test="table-cell" class="table__cell">
        Cell 4
      </td>
      <td data-test="table-cell" class="table__cell">
        Cell 5
      </td>
      <td data-test="table-cell" class="table__cell">
        Cell 6
      </td>
    </tr>
  </tbody>
</table>
`;
