// Jest Snapshot v1, https://goo.gl/fbAQLP

exports[`TouchEvents.vue matches snapshot 1`] = `<div style="user-select: none; webkit-user-drag: none; -webkit-tap-highlight-color: rgba(0, 0, 0, 0);"></div>`;
