// Jest Snapshot v1, https://goo.gl/fbAQLP

exports[`UpdateButton.vue matches snapshot 1`] = `<button-stub type="default" size="md" data-test="update-btn"> Update </button-stub>`;
