// Jest Snapshot v1, https://goo.gl/fbAQLP

exports[`UserGames.vue matches snapshot 1`] = `
<div>
  Games:
  <counter-stub number="1" data-test="user-games"></counter-stub>
</div>
`;
